// Jest Snapshot v1, https://goo.gl/fbAQLP

exports[`should match snapshopt 1`] = `
<DocumentFragment>
  <div
    class="container"
  >
    <div
      class="ui blue huge center aligned header"
    >
      <div
        class="content"
      >
        404!
      </div>
      <div
        class="sub header"
        color="blue"
      >
        Oops! This page could not be found!
      </div>
      <a
        href="/"
      >
        <button
          class="ui blue circular button"
        >
          Go to Homepage
        </button>
      </a>
    </div>
  </div>
</DocumentFragment>
`;
